// Jest Snapshot v1, https://goo.gl/fbAQLP

exports[`<Landing /> rendering has a valid snapshot 1`] = `
<div
  className="sc-bdVaJa cOdhsb"
>
  <a
    href="/"
    onClick={[Function]}
  >
    <h1
      className="title-gold"
      id="landing-title"
    >
      Weather
      <span
        className="title-grey"
      >
        Now
      </span>
    </h1>
  </a>
  <a
    href="/lookup-by-geoloc"
    onClick={[Function]}
  >
    <input
      className="sc-bwzfXH iOThS"
      placeholder="  Use My Location"
      type="text"
    />
  </a>
  <a
    href="/lookup-by-zip"
    onClick={[Function]}
  >
    <input
      className="sc-bwzfXH jqlRDI"
      placeholder="  Lookup by Zip"
    />
  </a>
</div>
`;
