// Jest Snapshot v1, https://goo.gl/fbAQLP

exports[`<Weather /> rendering has a valid snapshot 1`] = `
<div>
  <h1
    className="title-gold"
  >
    Testville
  </h1>
  <h2>
    75.2
     F
  </h2>
  <h3>
    all good!
  </h3>
  <i
    className="fas fa-sun fa-3x sc-bdVaJa bSIgLK"
  />
  <i
    className="fas fa-thermometer-three-quarters fa-3x sc-bdVaJa bSIgLK"
  />
</div>
`;
